[2026-08-13 13:52:27] [AlexMiguel] [PM: PM 23 - Puno] Inicio de Sesion: El usuario AlexMiguel (AlexMiguel) inicio sesion en el aplicativo.
[2026-08-13 14:54:26] [Juan Perez (Tecnico)] [PM: -] Inicio de Sesion: El usuario Juan Perez (Tecnico) (tecnico1) inicio sesion en el aplicativo.
[2026-08-13 14:54:26] [Juan Perez (Tecnico)] [PM: -] Inicio de Sesion: El usuario Juan Perez (Tecnico) (tecnico1) inicio sesion en el aplicativo.
[2026-08-13 14:54:27] [Juan Perez (Tecnico)] [PM: -] Inicio de Sesion: El usuario Juan Perez (Tecnico) (tecnico1) inicio sesion en el aplicativo.
[2026-08-13 14:54:27] [Juan Perez (Tecnico)] [PM: -] Inicio de Sesion: El usuario Juan Perez (Tecnico) (tecnico1) inicio sesion en el aplicativo.
[2026-08-13 15:10:39] [AlexMiguel] [PM: PM 23 - Puno] Inicio de Sesion: El usuario AlexMiguel (AlexMiguel) inicio sesion en el aplicativo.
[2026-08-13 15:10:43] [AlexMiguel] [PM: PM 23 - Puno] Inicio de Sesion: El usuario AlexMiguel (AlexMiguel) inicio sesion en el aplicativo.
[2026-08-13 15:19:56] [AlexMiguel] [PM: PM 23 - Puno] Inicio de Sesion: El usuario AlexMiguel (AlexMiguel) inicio sesion en el aplicativo.
[2026-08-13 15:20:11] [AlexMiguel] [PM: PM 23 - Puno] Inicio de Sesion: El usuario AlexMiguel (AlexMiguel) inicio sesion en el aplicativo.
[2026-08-13 15:24:35] [AlexMiguel] [PM: PM 23 - Puno] Inicio de Sesion: El usuario AlexMiguel (AlexMiguel) inicio sesion en el aplicativo.
[2026-08-13 15:37:19] [Juan Perez (Tecnico)] [PM: -] Inicio de Sesion: El usuario Juan Perez (Tecnico) (tecnico1) inicio sesion en el aplicativo.
[2026-08-13 15:37:20] [Juan Perez (Tecnico)] [PM: -] Inicio de Sesion: El usuario Juan Perez (Tecnico) (tecnico1) inicio sesion en el aplicativo.
[2026-08-13 15:39:12] [AlexMiguel] [PM: PM 23 - Puno] Inicio de Sesion: El usuario AlexMiguel (AlexMiguel) inicio sesion en el aplicativo.
[2026-08-13 16:52:16] [Juan Perez (Tecnico)] [PM: -] Inicio de Sesion: El usuario Juan Perez (Tecnico) (tecnico1) inicio sesion en el aplicativo.
[2026-08-13 16:52:16] [Juan Perez (Tecnico)] [PM: -] Inicio de Sesion: El usuario Juan Perez (Tecnico) (tecnico1) inicio sesion en el aplicativo.
[2026-08-13 16:52:17] [Juan Perez (Tecnico)] [PM: -] Inicio de Sesion: El usuario Juan Perez (Tecnico) (tecnico1) inicio sesion en el aplicativo.
[2026-08-13 16:55:45] [Juan Perez (Tecnico)] [PM: -] Webhook Negativa: Respuesta GAS: <!DOCTYPE html>
<html lang=en>
  <meta charset=utf-8>
  <meta name=viewport content="initial-scale=1, minimum-scale=1, width=device-width">
  <title>Error 400 (Bad Request)!!1</title>
  <style>
    *{margin:0;padding:0}html,code{font:15px/22px arial,sans-serif}html{background:#fff;color:#222;padding:15px}body{margin:7% auto 0;max-width:390px;min-height:180px;padding:30px 0 15px}* > body{background:url(//www.google.com/images/errors/robot.png) 100% 5px no-repeat;padding-right:205px}p{margin:11px 0 22px;overflow:hidden}ins{color:#777;text-decoration:none}a img{border:0}@media screen and (max-width:772px){body{background:none;margin-top:0;max-width:none;padding-right:0}}#logo{background:url(//www.google.com/images/branding/googlelogo/1x/googlelogo_color_150x54dp.png) no-repeat;margin-left:-5px}@media only screen and (min-resolution:192dpi){#logo{background:url(//www.google.com/images/branding/googlelogo/2x/googlelogo_color_150x54dp.png) no-repeat 0% 0%/100% 100%;-moz-border-image:url(//www.google.com/images/branding/googlelogo/2x/googlelogo_color_150x54dp.png) 0}}@media only screen and (-webkit-min-device-pixel-ratio:2){#logo{background:url(//www.google.com/images/branding/googlelogo/2x/googlelogo_color_150x54dp.png) no-repeat;-webkit-background-size:100% 100%}}#logo{display:inline-block;height:54px;width:150px}
  </style>
  <a href=//www.google.com/><span id=logo aria-label=Google></span></a>
  <p><b>400.</b> <ins>That’s an error.</ins>
  <p>Your client has issued a malformed or illegal request.  <ins>That’s all we know.</ins>

[2026-08-13 16:55:45] [Juan Perez (Tecnico)] [PM: -] Negativa al Trabajo: Firma y actualizacion de etapa TECNICO para registro ID #6
[2026-08-13 17:00:59] [Carlos Mendoza (Supervisor Op.)] [PM: PM 22 - Espinar] Inicio de Sesion: El usuario Carlos Mendoza (Supervisor Op.) (supervisor1) inicio sesion en el aplicativo.
[2026-08-13 17:00:59] [Carlos Mendoza (Supervisor Op.)] [PM: PM 22 - Espinar] Inicio de Sesion: El usuario Carlos Mendoza (Supervisor Op.) (supervisor1) inicio sesion en el aplicativo.
[2026-08-13 17:01:07] [Carlos Mendoza (Supervisor Op.)] [PM: PM 22 - Espinar] Inicio de Sesion: El usuario Carlos Mendoza (Supervisor Op.) (supervisor1) inicio sesion en el aplicativo.
[2026-08-13 17:01:07] [Carlos Mendoza (Supervisor Op.)] [PM: PM 22 - Espinar] Inicio de Sesion: El usuario Carlos Mendoza (Supervisor Op.) (supervisor1) inicio sesion en el aplicativo.
[2026-08-13 17:01:07] [Carlos Mendoza (Supervisor Op.)] [PM: PM 22 - Espinar] Inicio de Sesion: El usuario Carlos Mendoza (Supervisor Op.) (supervisor1) inicio sesion en el aplicativo.
[2026-08-13 17:02:34] [Carlos Mendoza (Supervisor Op.)] [PM: PM 22 - Espinar] Webhook Negativa: Error de WP: cURL error 56: OpenSSL SSL_read: OpenSSL/3.5.6: error:0A000126:SSL routines::unexpected eof while reading, errno 0
[2026-08-13 17:02:35] [Carlos Mendoza (Supervisor Op.)] [PM: PM 22 - Espinar] Negativa al Trabajo: Firma y actualizacion de etapa SUPERVISOR para registro ID #6
[2026-08-13 17:03:02] [Roberto Silva (Supervisor Seg.)] [PM: -] Inicio de Sesion: El usuario Roberto Silva (Supervisor Seg.) (seguridad1) inicio sesion en el aplicativo.
[2026-08-13 17:03:03] [Roberto Silva (Supervisor Seg.)] [PM: -] Inicio de Sesion: El usuario Roberto Silva (Supervisor Seg.) (seguridad1) inicio sesion en el aplicativo.
[2026-08-13 17:03:03] [Roberto Silva (Supervisor Seg.)] [PM: -] Inicio de Sesion: El usuario Roberto Silva (Supervisor Seg.) (seguridad1) inicio sesion en el aplicativo.
[2026-08-13 17:03:03] [Roberto Silva (Supervisor Seg.)] [PM: -] Inicio de Sesion: El usuario Roberto Silva (Supervisor Seg.) (seguridad1) inicio sesion en el aplicativo.
[2026-08-13 17:04:03] [Roberto Silva (Supervisor Seg.)] [PM: -] Webhook Negativa: Respuesta GAS: <!DOCTYPE html>
<html lang=en>
  <meta charset=utf-8>
  <meta name=viewport content="initial-scale=1, minimum-scale=1, width=device-width">
  <title>Error 400 (Bad Request)!!1</title>
  <style>
    *{margin:0;padding:0}html,code{font:15px/22px arial,sans-serif}html{background:#fff;color:#222;padding:15px}body{margin:7% auto 0;max-width:390px;min-height:180px;padding:30px 0 15px}* > body{background:url(//www.google.com/images/errors/robot.png) 100% 5px no-repeat;padding-right:205px}p{margin:11px 0 22px;overflow:hidden}ins{color:#777;text-decoration:none}a img{border:0}@media screen and (max-width:772px){body{background:none;margin-top:0;max-width:none;padding-right:0}}#logo{background:url(//www.google.com/images/branding/googlelogo/1x/googlelogo_color_150x54dp.png) no-repeat;margin-left:-5px}@media only screen and (min-resolution:192dpi){#logo{background:url(//www.google.com/images/branding/googlelogo/2x/googlelogo_color_150x54dp.png) no-repeat 0% 0%/100% 100%;-moz-border-image:url(//www.google.com/images/branding/googlelogo/2x/googlelogo_color_150x54dp.png) 0}}@media only screen and (-webkit-min-device-pixel-ratio:2){#logo{background:url(//www.google.com/images/branding/googlelogo/2x/googlelogo_color_150x54dp.png) no-repeat;-webkit-background-size:100% 100%}}#logo{display:inline-block;height:54px;width:150px}
  </style>
  <a href=//www.google.com/><span id=logo aria-label=Google></span></a>
  <p><b>400.</b> <ins>That’s an error.</ins>
  <p>Your client has issued a malformed or illegal request.  <ins>That’s all we know.</ins>

[2026-08-13 17:04:03] [Roberto Silva (Supervisor Seg.)] [PM: -] Negativa al Trabajo: Firma y actualizacion de etapa SEGURIDAD para registro ID #6
[2026-08-13 17:04:16] [Maria Fernandez (Area HSE)] [PM: PM 12 - Arequipa] Inicio de Sesion: El usuario Maria Fernandez (Area HSE) (hse1) inicio sesion en el aplicativo.
[2026-08-13 17:04:17] [Maria Fernandez (Area HSE)] [PM: PM 12 - Arequipa] Inicio de Sesion: El usuario Maria Fernandez (Area HSE) (hse1) inicio sesion en el aplicativo.
[2026-08-13 17:04:17] [Maria Fernandez (Area HSE)] [PM: PM 12 - Arequipa] Inicio de Sesion: El usuario Maria Fernandez (Area HSE) (hse1) inicio sesion en el aplicativo.
[2026-08-13 17:04:17] [Maria Fernandez (Area HSE)] [PM: PM 12 - Arequipa] Inicio de Sesion: El usuario Maria Fernandez (Area HSE) (hse1) inicio sesion en el aplicativo.
[2026-08-13 17:04:55] [Maria Fernandez (Area HSE)] [PM: PM 12 - Arequipa] Webhook Negativa: Respuesta GAS: <!DOCTYPE html>
<html lang=en>
  <meta charset=utf-8>
  <meta name=viewport content="initial-scale=1, minimum-scale=1, width=device-width">
  <title>Error 400 (Bad Request)!!1</title>
  <style>
    *{margin:0;padding:0}html,code{font:15px/22px arial,sans-serif}html{background:#fff;color:#222;padding:15px}body{margin:7% auto 0;max-width:390px;min-height:180px;padding:30px 0 15px}* > body{background:url(//www.google.com/images/errors/robot.png) 100% 5px no-repeat;padding-right:205px}p{margin:11px 0 22px;overflow:hidden}ins{color:#777;text-decoration:none}a img{border:0}@media screen and (max-width:772px){body{background:none;margin-top:0;max-width:none;padding-right:0}}#logo{background:url(//www.google.com/images/branding/googlelogo/1x/googlelogo_color_150x54dp.png) no-repeat;margin-left:-5px}@media only screen and (min-resolution:192dpi){#logo{background:url(//www.google.com/images/branding/googlelogo/2x/googlelogo_color_150x54dp.png) no-repeat 0% 0%/100% 100%;-moz-border-image:url(//www.google.com/images/branding/googlelogo/2x/googlelogo_color_150x54dp.png) 0}}@media only screen and (-webkit-min-device-pixel-ratio:2){#logo{background:url(//www.google.com/images/branding/googlelogo/2x/googlelogo_color_150x54dp.png) no-repeat;-webkit-background-size:100% 100%}}#logo{display:inline-block;height:54px;width:150px}
  </style>
  <a href=//www.google.com/><span id=logo aria-label=Google></span></a>
  <p><b>400.</b> <ins>That’s an error.</ins>
  <p>Your client has issued a malformed or illegal request.  <ins>That’s all we know.</ins>

[2026-08-13 17:04:57] [Maria Fernandez (Area HSE)] [PM: PM 12 - Arequipa] Negativa al Trabajo: Firma y actualizacion de etapa HSE para registro ID #6
[2026-08-13 17:35:05] [Administrador General O&amp;M] [PM: -] Inicio de Sesion: El usuario Administrador General O&amp;M (admingeneral) inicio sesion en el aplicativo.
[2026-08-13 17:35:25] [AlexMiguel] [PM: PM 23 - Puno] Inicio de Sesion: El usuario AlexMiguel (AlexMiguel) inicio sesion en el aplicativo.
[2026-08-13 19:51:28] [Maria Fernandez (Area HSE)] [PM: PM 12 - Arequipa] Inicio de Sesion: El usuario Maria Fernandez (Area HSE) (hse1) inicio sesion en el aplicativo.
[2026-08-13 19:51:28] [Maria Fernandez (Area HSE)] [PM: PM 12 - Arequipa] Inicio de Sesion: El usuario Maria Fernandez (Area HSE) (hse1) inicio sesion en el aplicativo.
[2026-08-13 19:51:28] [Maria Fernandez (Area HSE)] [PM: PM 12 - Arequipa] Inicio de Sesion: El usuario Maria Fernandez (Area HSE) (hse1) inicio sesion en el aplicativo.
[2026-08-13 19:58:06] [Carlos Mendoza (Supervisor Op.)] [PM: PM 22 - Espinar] Inicio de Sesion: El usuario Carlos Mendoza (Supervisor Op.) (supervisor1) inicio sesion en el aplicativo.
[2026-08-13 19:58:06] [Carlos Mendoza (Supervisor Op.)] [PM: PM 22 - Espinar] Inicio de Sesion: El usuario Carlos Mendoza (Supervisor Op.) (supervisor1) inicio sesion en el aplicativo.
[2026-08-13 20:05:07] [Administrador General O&amp;M] [PM: -] Inicio de Sesion: El usuario Administrador General O&amp;M (admingeneral) inicio sesion en el aplicativo.
[2026-08-13 20:05:07] [Administrador General O&amp;M] [PM: -] Inicio de Sesion: El usuario Administrador General O&amp;M (admingeneral) inicio sesion en el aplicativo.
[2026-08-13 20:05:20] [AlexMiguel] [PM: PM 23 - Puno] Inicio de Sesion: El usuario AlexMiguel (AlexMiguel) inicio sesion en el aplicativo.
[2026-08-13 20:05:20] [AlexMiguel] [PM: PM 23 - Puno] Inicio de Sesion: El usuario AlexMiguel (AlexMiguel) inicio sesion en el aplicativo.
[2026-08-13 20:05:28] [AlexMiguel] [PM: PM 23 - Puno] Inicio de Sesion: El usuario AlexMiguel (AlexMiguel) inicio sesion en el aplicativo.
[2026-08-13 20:05:29] [AlexMiguel] [PM: PM 23 - Puno] Inicio de Sesion: El usuario AlexMiguel (AlexMiguel) inicio sesion en el aplicativo.
[2026-08-13 20:25:03] [Juan Perez (Tecnico)] [PM: -] Inicio de Sesion: El usuario Juan Perez (Tecnico) (tecnico1) inicio sesion en el aplicativo.
[2026-08-13 20:25:03] [Juan Perez (Tecnico)] [PM: -] Inicio de Sesion: El usuario Juan Perez (Tecnico) (tecnico1) inicio sesion en el aplicativo.
[2026-08-13 20:25:10] [Juan Perez (Tecnico)] [PM: -] Inicio de Sesion: El usuario Juan Perez (Tecnico) (tecnico1) inicio sesion en el aplicativo.
[2026-08-13 20:25:10] [Juan Perez (Tecnico)] [PM: -] Inicio de Sesion: El usuario Juan Perez (Tecnico) (tecnico1) inicio sesion en el aplicativo.
[2026-08-13 20:25:10] [Juan Perez (Tecnico)] [PM: -] Inicio de Sesion: El usuario Juan Perez (Tecnico) (tecnico1) inicio sesion en el aplicativo.
[2026-08-13 20:25:32] [AlexMiguel] [PM: PM 23 - Puno] Inicio de Sesion: El usuario AlexMiguel (AlexMiguel) inicio sesion en el aplicativo.
[2026-08-13 20:25:32] [AlexMiguel] [PM: PM 23 - Puno] Inicio de Sesion: El usuario AlexMiguel (AlexMiguel) inicio sesion en el aplicativo.
[2026-08-14 12:24:13] [Juan Perez (Tecnico)] [PM: -] Inicio de Sesion: El usuario Juan Perez (Tecnico) (tecnico1) inicio sesion en el aplicativo.
[2026-08-14 12:24:20] [Carlos Mendoza (Supervisor Op.)] [PM: PM 22 - Espinar] Inicio de Sesion: El usuario Carlos Mendoza (Supervisor Op.) (supervisor1) inicio sesion en el aplicativo.
[2026-08-14 12:24:20] [Carlos Mendoza (Supervisor Op.)] [PM: PM 22 - Espinar] Inicio de Sesion: El usuario Carlos Mendoza (Supervisor Op.) (supervisor1) inicio sesion en el aplicativo.
[2026-08-14 12:24:20] [Carlos Mendoza (Supervisor Op.)] [PM: PM 22 - Espinar] Inicio de Sesion: El usuario Carlos Mendoza (Supervisor Op.) (supervisor1) inicio sesion en el aplicativo.
[2026-08-14 12:25:12] [AlexMiguel] [PM: PM 23 - Puno] Inicio de Sesion: El usuario AlexMiguel (AlexMiguel) inicio sesion en el aplicativo.
[2026-08-14 12:25:20] [AlexMiguel] [PM: PM 23 - Puno] Inicio de Sesion: El usuario AlexMiguel (AlexMiguel) inicio sesion en el aplicativo.
[2026-08-14 12:25:20] [AlexMiguel] [PM: PM 23 - Puno] Inicio de Sesion: El usuario AlexMiguel (AlexMiguel) inicio sesion en el aplicativo.
[2026-08-14 15:02:06] [AlexMiguel] [PM: PM 23 - Puno] Empresa Creada: Se creo la empresa "ALICORP" (ID 1) con administrador Alex
[2026-08-14 18:19:07] [Alexander Miguel] [PM: -] Inicio de Sesion: El usuario Alexander Miguel (Alex) inicio sesion en el aplicativo.
[2026-08-14 20:05:09] [AlexMiguel] [PM: PM 23 - Puno] Empresa Creada: Se creo la empresa "BCP" (ID 2) con administrador stiven
[2026-08-14 20:43:33] [Stiven] [PM: -] Inicio de Sesion: El usuario Stiven (stiven) inicio sesion en el aplicativo.
[2026-08-14 20:43:47] [Stiven] [PM: -] Inicio de Sesion: El usuario Stiven (stiven) inicio sesion en el aplicativo.
[2026-08-14 20:43:47] [Stiven] [PM: -] Inicio de Sesion: El usuario Stiven (stiven) inicio sesion en el aplicativo.
[2026-08-14 21:49:17] [AlexMiguel] [PM: PM 23 - Puno] Usuario Eliminado: Se eliminó al usuario admingeneral (ID #17), empresa ID: 0
[2026-08-15 00:30:58] [Stiven] [PM: PM 12 - Arequipa] Usuario Creado: Se creo la cuenta de usuario tecnico con rol ruteo_worker, empresa ID #2 y permisos de firmante
[2026-08-15 09:14:03] [AlexMiguel] [PM: PM 23 - Puno] Inicio de Sesion: El usuario AlexMiguel (AlexMiguel) inicio sesion en el aplicativo.
[2026-08-15 09:14:03] [AlexMiguel] [PM: PM 23 - Puno] Inicio de Sesion: El usuario AlexMiguel (AlexMiguel) inicio sesion en el aplicativo.
[2026-08-15 10:19:41] [Tecnico] [PM: PM 13 - Cusco] Inicio de Sesion: El usuario Tecnico (tecnico) inicio sesion en el aplicativo.
[2026-08-15 10:28:06] [Stiven] [PM: PM 12 - Arequipa] Inicio de Sesion: El usuario Stiven (stiven) inicio sesion en el aplicativo.
[2026-08-15 10:28:07] [Stiven] [PM: PM 12 - Arequipa] Inicio de Sesion: El usuario Stiven (stiven) inicio sesion en el aplicativo.
[2026-08-15 10:29:49] [Alexander Miguel] [PM: -] Inicio de Sesion: El usuario Alexander Miguel (Alex) inicio sesion en el aplicativo.
[2026-08-15 10:33:58] [Alexander Miguel] [PM: -] Usuario Creado: Se creo la cuenta de usuario tecnicoalicorp con rol ruteo_worker, empresa ID #1 y permisos de firmante
[2026-08-15 12:15:33] [AlexMiguel] [PM: PM 23 - Puno] Registro de Campo: Nuevo registro de campo guardado para tramo: Tramo B (Estructura gqrgq)
